E, [2018-11-27T15:51:45.387103 #7612] ERROR -- : [490bb333-1648-4582-8c20-7251adc575b8] Failed to upgrade to WebSocket (REQUEST_METHOD: GET, HTTP_CONNECTION: close, HTTP_UPGRADE: )
I, [2018-11-27T15:51:45.387425 #7612]  INFO -- : [490bb333-1648-4582-8c20-7251adc575b8] Finished "/cable/"[non-WebSocket] for 127.0.0.1 at 2018-11-27 15:51:45 +0200
I, [2018-11-27T15:51:53.436455 #7614]  INFO -- : [840cee5b-e0a9-4c02-bfc4-e066aa8c69b1] Started GET "/cable" for 127.0.0.1 at 2018-11-27 15:51:53 +0200
I, [2018-11-27T15:51:53.439154 #7614]  INFO -- : [840cee5b-e0a9-4c02-bfc4-e066aa8c69b1] Started GET "/cable/"[non-WebSocket] for 127.0.0.1 at 2018-11-27 15:51:53 +0200
E, [2018-11-27T15:51:53.439831 #7614] ERROR -- : [840cee5b-e0a9-4c02-bfc4-e066aa8c69b1] Failed to upgrade to WebSocket (REQUEST_METHOD: GET, HTTP_CONNECTION: close, HTTP_UPGRADE: )
I, [2018-11-27T15:51:53.440087 #7614]  INFO -- : [840cee5b-e0a9-4c02-bfc4-e066aa8c69b1] Finished "/cable/"[non-WebSocket] for 127.0.0.1 at 2018-11-27 15:51:53 +0200
I, [2018-11-27T15:52:02.398686 #7612]  INFO -- : [f482a241-c4d1-46c1-9714-636124dfd716] Started GET "/cable" for 127.0.0.1 at 2018-11-27 15:52:02 +0200
I, [2018-11-27T15:52:02.400882 #7612]  INFO -- : [f482a241-c4d1-46c1-9714-636124dfd716] Started GET "/cable/"[non-WebSocket] for 127.0.0.1 at 2018-11-27 15:52:02 +0200
E, [2018-11-27T15:52:02.401736 #7612] ERROR -- : [f482a241-c4d1-46c1-9714-636124dfd716] Failed to upgrade to WebSocket (REQUEST_METHOD: GET, HTTP_CONNECTION: close, HTTP_UPGRADE: )
I, [2018-11-27T15:52:02.402002 #7612]  INFO -- : [f482a241-c4d1-46c1-9714-636124dfd716] Finished "/cable/"[non-WebSocket] for 127.0.0.1 at 2018-11-27 15:52:02 +0200
I, [2018-11-27T15:52:12.130817 #7614]  INFO -- : [e71bfc0a-c060-4881-8ee4-cd4eb34eb082] Started GET "/cable" for 127.0.0.1 at 2018-11-27 15:52:12 +0200
I, [2018-11-27T15:52:12.132992 #7614]  INFO -- : [e71bfc0a-c060-4881-8ee4-cd4eb34eb082] Started GET "/cable/"[non-WebSocket] for 127.0.0.1 at 2018-11-27 15:52:12 +0200
E, [2018-11-27T15:52:12.133152 #7614] ERROR -- : [e71bfc0a-c060-4881-8ee4-cd4eb34eb082] Failed to upgrade to WebSocket (REQUEST_METHOD: GET, HTTP_CONNECTION: close, HTTP_UPGRADE: )
I, [2018-11-27T15:52:12.133281 #7614]  INFO -- : [e71bfc0a-c060-4881-8ee4-cd4eb34eb082] Finished "/cable/"[non-WebSocket] for 127.0.0.1 at 2018-11-27 15:52:12 +0200
I, [2018-11-27T15:52:17.507282 #7612]  INFO -- : [3a24681c-9b0d-4956-a2ea-26dcab8dce24] Started POST "/" for 127.0.0.1 at 2018-11-27 15:52:17 +0200
I, [2018-11-27T15:52:17.510609 #7612]  INFO -- : [3a24681c-9b0d-4956-a2ea-26dcab8dce24] Processing by StoreController#index as HTML
I, [2018-11-27T15:52:17.510741 #7612]  INFO -- : [3a24681c-9b0d-4956-a2ea-26dcab8dce24]   Parameters: {"utf8"=>"✓", "authenticity_token"=>"gweoQcSEbmIuT5MGRmSYCIEPF2czHN5txONzBXGvawgxRr5XLqhHCkbEfSydfSxqfF1lrvZqAUU7tTxD9IwdQg==", "set_locale"=>"es"}
D, [2018-11-27T15:52:17.512570 #7612] DEBUG -- : [3a24681c-9b0d-4956-a2ea-26dcab8dce24]   [1m[36mCart Load (0.3ms)[0m  [1m[34mSELECT  `carts`.* FROM `carts` WHERE `carts`.`id` = 5 LIMIT 1[0m
I, [2018-11-27T15:52:17.513311 #7612]  INFO -- : [3a24681c-9b0d-4956-a2ea-26dcab8dce24] Redirected to http://localhost/es
I, [2018-11-27T15:52:17.515213 #7612]  INFO -- : [3a24681c-9b0d-4956-a2ea-26dcab8dce24] Completed 302 Found in 4ms (ActiveRecord: 0.3ms)
I, [2018-11-27T15:52:17.548148 #7614]  INFO -- : [6fd65576-48f3-42c7-ae7b-00fcddf1ec69] Started GET "/es" for 127.0.0.1 at 2018-11-27 15:52:17 +0200
I, [2018-11-27T15:52:17.552764 #7614]  INFO -- : [6fd65576-48f3-42c7-ae7b-00fcddf1ec69] Processing by StoreController#index as HTML
I, [2018-11-27T15:52:17.556044 #7614]  INFO -- : [6fd65576-48f3-42c7-ae7b-00fcddf1ec69]   Parameters: {"locale"=>"es"}
D, [2018-11-27T15:52:17.590429 #7614] DEBUG -- : [6fd65576-48f3-42c7-ae7b-00fcddf1ec69]   [1m[35m (0.3ms)[0m  [1m[35mSET NAMES utf8,  @@SESSION.sql_mode = CONCAT(CONCAT(@@sql_mode, ',STRICT_ALL_TABLES'), ',NO_AUTO_VALUE_ON_ZERO'),  @@SESSION.sql_auto_is_null = 0, @@SESSION.wait_timeout = 2147483[0m
D, [2018-11-27T15:52:17.601401 #7614] DEBUG -- : [6fd65576-48f3-42c7-ae7b-00fcddf1ec69]   [1m[36mCart Load (0.3ms)[0m  [1m[34mSELECT  `carts`.* FROM `carts` WHERE `carts`.`id` = 5 LIMIT 1[0m
I, [2018-11-27T15:52:17.612686 #7614]  INFO -- : [6fd65576-48f3-42c7-ae7b-00fcddf1ec69]   Rendering store/index.html.erb within layouts/application
D, [2018-11-27T15:52:17.620948 #7614] DEBUG -- : [6fd65576-48f3-42c7-ae7b-00fcddf1ec69]   [1m[36mProduct Load (1.6ms)[0m  [1m[34mSELECT `products`.* FROM `products` ORDER BY `products`.`title` ASC[0m
I, [2018-11-27T15:52:17.678227 #7614]  INFO -- : [6fd65576-48f3-42c7-ae7b-00fcddf1ec69]   Rendered store/index.html.erb within layouts/application (60.9ms)
D, [2018-11-27T15:52:17.689708 #7614] DEBUG -- : [6fd65576-48f3-42c7-ae7b-00fcddf1ec69]   [1m[36mLineItem Exists (0.3ms)[0m  [1m[34mSELECT  1 AS one FROM `line_items` WHERE `line_items`.`cart_id` = 5 LIMIT 1[0m
I, [2018-11-27T15:52:17.690451 #7614]  INFO -- : [6fd65576-48f3-42c7-ae7b-00fcddf1ec69] Completed 200 OK in 133ms (Views: 64.0ms | ActiveRecord: 19.1ms)
I, [2018-11-27T15:52:17.861484 #7612]  INFO -- : [1abc0338-362b-4682-8e35-0dcb0a8581f7] Started GET "/cable" for 127.0.0.1 at 2018-11-27 15:52:17 +0200
I, [2018-11-27T15:52:17.862218 #7612]  INFO -- : [1abc0338-362b-4682-8e35-0dcb0a8581f7] Started GET "/cable/"[non-WebSocket] for 127.0.0.1 at 2018-11-27 15:52:17 +0200
E, [2018-11-27T15:52:17.862278 #7612] ERROR -- : [1abc0338-362b-4682-8e35-0dcb0a8581f7] Failed to upgrade to WebSocket (REQUEST_METHOD: GET, HTTP_CONNECTION: close, HTTP_UPGRADE: )
I, [2018-11-27T15:52:17.862320 #7612]  INFO -- : [1abc0338-362b-4682-8e35-0dcb0a8581f7] Finished "/cable/"[non-WebSocket] for 127.0.0.1 at 2018-11-27 15:52:17 +0200
I, [2018-11-27T15:52:19.661723 #7612]  INFO -- : [1a7d5e2b-5263-4788-907b-97608026dd04] Started POST "/" for 127.0.0.1 at 2018-11-27 15:52:19 +0200
I, [2018-11-27T15:52:19.662612 #7612]  INFO -- : [1a7d5e2b-5263-4788-907b-97608026dd04] Processing by StoreController#index as HTML
I, [2018-11-27T15:52:19.662668 #7612]  INFO -- : [1a7d5e2b-5263-4788-907b-97608026dd04]   Parameters: {"utf8"=>"✓", "authenticity_token"=>"8caGNukU8MDysKtzFl7iEktpiKvGFAV5ZXNgOsPZBeFDh5AgAzjZqJo7RVnNR1Zwtjv6YgNi2lGaJS98Rvpzqw==", "set_locale"=>"en"}
D, [2018-11-27T15:52:19.663726 #7612] DEBUG -- : [1a7d5e2b-5263-4788-907b-97608026dd04]   [1m[36mCart Load (0.2ms)[0m  [1m[34mSELECT  `carts`.* FROM `carts` WHERE `carts`.`id` = 5 LIMIT 1[0m
I, [2018-11-27T15:52:19.664253 #7612]  INFO -- : [1a7d5e2b-5263-4788-907b-97608026dd04] Redirected to http://localhost/en
I, [2018-11-27T15:52:19.664418 #7612]  INFO -- : [1a7d5e2b-5263-4788-907b-97608026dd04] Completed 302 Found in 2ms (ActiveRecord: 0.2ms)
I, [2018-11-27T15:52:19.682258 #7614]  INFO -- : [c49d548e-3f42-45d1-bc9b-47f5637d1355] Started GET "/en" for 127.0.0.1 at 2018-11-27 15:52:19 +0200
I, [2018-11-27T15:52:19.683299 #7614]  INFO -- : [c49d548e-3f42-45d1-bc9b-47f5637d1355] Processing by StoreController#index as HTML
I, [2018-11-27T15:52:19.683350 #7614]  INFO -- : [c49d548e-3f42-45d1-bc9b-47f5637d1355]   Parameters: {"locale"=>"en"}
D, [2018-11-27T15:52:19.684486 #7614] DEBUG -- : [c49d548e-3f42-45d1-bc9b-47f5637d1355]   [1m[36mCart Load (0.2ms)[0m  [1m[34mSELECT  `carts`.* FROM `carts` WHERE `carts`.`id` = 5 LIMIT 1[0m
I, [2018-11-27T15:52:19.686549 #7614]  INFO -- : [c49d548e-3f42-45d1-bc9b-47f5637d1355]   Rendering store/index.html.erb within layouts/application
D, [2018-11-27T15:52:19.690859 #7614] DEBUG -- : [c49d548e-3f42-45d1-bc9b-47f5637d1355]   [1m[36mProduct Load (0.3ms)[0m  [1m[34mSELECT `products`.* FROM `products` ORDER BY `products`.`title` ASC[0m
I, [2018-11-27T15:52:19.700296 #7614]  INFO -- : [c49d548e-3f42-45d1-bc9b-47f5637d1355]   Rendered store/index.html.erb within layouts/application (10.9ms)
D, [2018-11-27T15:52:19.705412 #7614] DEBUG -- : [c49d548e-3f42-45d1-bc9b-47f5637d1355]   [1m[36mLineItem Exists (2.7ms)[0m  [1m[34mSELECT  1 AS one FROM `line_items` WHERE `line_items`.`cart_id` = 5 LIMIT 1[0m
I, [2018-11-27T15:52:19.705994 #7614]  INFO -- : [c49d548e-3f42-45d1-bc9b-47f5637d1355] Completed 200 OK in 23ms (Views: 17.5ms | ActiveRecord: 3.3ms)
I, [2018-11-27T15:52:23.444395 #7612]  INFO -- : [fba9e1d2-3216-4116-8d33-4d8e88d9e347] Started GET "/cable" for 127.0.0.1 at 2018-11-27 15:52:23 +0200
I, [2018-11-27T15:52:23.451023 #7612]  INFO -- : [fba9e1d2-3216-4116-8d33-4d8e88d9e347] Started GET "/cable/"[non-WebSocket] for 127.0.0.1 at 2018-11-27 15:52:23 +0200
E, [2018-11-27T15:52:23.451643 #7612] ERROR -- : [fba9e1d2-3216-4116-8d33-4d8e88d9e347] Failed to upgrade to WebSocket (REQUEST_METHOD: GET, HTTP_CONNECTION: close, HTTP_UPGRADE: )
I, [2018-11-27T15:52:23.452143 #7612]  INFO -- : [fba9e1d2-3216-4116-8d33-4d8e88d9e347] Finished "/cable/"[non-WebSocket] for 127.0.0.1 at 2018-11-27 15:52:23 +0200
I, [2018-11-27T15:52:31.834071 #7614]  INFO -- : [ce0c05ec-a8a9-409b-9e80-d29943f7e85f] Started GET "/cable" for 127.0.0.1 at 2018-11-27 15:52:31 +0200
I, [2018-11-27T15:52:31.836430 #7614]  INFO -- : [ce0c05ec-a8a9-409b-9e80-d29943f7e85f] Started GET "/cable/"[non-WebSocket] for 127.0.0.1 at 2018-11-27 15:52:31 +0200
E, [2018-11-27T15:52:31.836594 #7614] ERROR -- : [ce0c05ec-a8a9-409b-9e80-d29943f7e85f] Failed to upgrade to WebSocket (REQUEST_METHOD: GET, HTTP_CONNECTION: close, HTTP_UPGRADE: )
I, [2018-11-27T15:52:31.836729 #7614]  INFO -- : [ce0c05ec-a8a9-409b-9e80-d29943f7e85f] Finished "/cable/"[non-WebSocket] for 127.0.0.1 at 2018-11-27 15:52:31 +0200
I, [2018-11-27T15:52:44.396591 #7612]  INFO -- : [fd83cc62-bd16-4a64-8790-f7cdd0b3bc68] Started GET "/cable" for 127.0.0.1 at 2018-11-27 15:52:44 +0200
I, [2018-11-27T15:52:44.398938 #7612]  INFO -- : [fd83cc62-bd16-4a64-8790-f7cdd0b3bc68] Started GET "/cable/"[non-WebSocket] for 127.0.0.1 at 2018-11-27 15:52:44 +0200
E, [2018-11-27T15:52:44.399660 #7612] ERROR -- : [fd83cc62-bd16-4a64-8790-f7cdd0b3bc68] Failed to upgrade to WebSocket (REQUEST_METHOD: GET, HTTP_CONNECTION: close, HTTP_UPGRADE: )
I, [2018-11-27T15:52:44.399920 #7612]  INFO -- : [fd83cc62-bd16-4a64-8790-f7cdd0b3bc68] Finished "/cable/"[non-WebSocket] for 127.0.0.1 at 2018-11-27 15:52:44 +0200
I, [2018-11-27T15:53:03.224685 #7614]  INFO -- : [0894c4fe-a746-4aa4-8dbb-bf0abd7f6713] Started GET "/cable" for 127.0.0.1 at 2018-11-27 15:53:03 +0200
I, [2018-11-27T15:53:03.227226 #7614]  INFO -- : [0894c4fe-a746-4aa4-8dbb-bf0abd7f6713] Started GET "/cable/"[non-WebSocket] for 127.0.0.1 at 2018-11-27 15:53:03 +0200
E, [2018-11-27T15:53:03.227870 #7614] ERROR -- : [0894c4fe-a746-4aa4-8dbb-bf0abd7f6713] Failed to upgrade to WebSocket (REQUEST_METHOD: GET, HTTP_CONNECTION: close, HTTP_UPGRADE: )
I, [2018-11-27T15:53:03.228217 #7614]  INFO -- : [0894c4fe-a746-4aa4-8dbb-bf0abd7f6713] Finished "/cable/"[non-WebSocket] for 127.0.0.1 at 2018-11-27 15:53:03 +0200
I, [2018-11-27T15:53:31.461357 #7612]  INFO -- : [f3ebedc4-1aba-4d4a-b3ab-5e6bbf672d74] Started GET "/cable" for 127.0.0.1 at 2018-11-27 15:53:31 +0200
I, [2018-11-27T15:53:31.461968 #7612]  INFO -- : [f3ebedc4-1aba-4d4a-b3ab-5e6bbf672d74] Started GET "/cable/"[non-WebSocket] for 127.0.0.1 at 2018-11-27 15:53:31 +0200
E, [2018-11-27T15:53:31.462010 #7612] ERROR -- : [f3ebedc4-1aba-4d4a-b3ab-5e6bbf672d74] Failed to upgrade to WebSocket (REQUEST_METHOD: GET, HTTP_CONNECTION: close, HTTP_UPGRADE: )
I, [2018-11-27T15:53:31.462044 #7612]  INFO -- : [f3ebedc4-1aba-4d4a-b3ab-5e6bbf672d74] Finished "/cable/"[non-WebSocket] for 127.0.0.1 at 2018-11-27 15:53:31 +0200
I, [2018-11-27T15:54:13.810973 #7614]  INFO -- : [1e00a4f5-56bf-4ffd-9ea4-51bfdd11d0ad] Started GET "/cable" for 127.0.0.1 at 2018-11-27 15:54:13 +0200
I, [2018-11-27T15:54:13.813113 #7614]  INFO -- : [1e00a4f5-56bf-4ffd-9ea4-51bfdd11d0ad] Started GET "/cable/"[non-WebSocket] for 127.0.0.1 at 2018-11-27 15:54:13 +0200
E, [2018-11-27T15:54:13.813262 #7614] ERROR -- : [1e00a4f5-56bf-4ffd-9ea4-51bfdd11d0ad] Failed to upgrade to WebSocket (REQUEST_METHOD: GET, HTTP_CONNECTION: close, HTTP_UPGRADE: )
I, [2018-11-27T15:54:13.813388 #7614]  INFO -- : [1e00a4f5-56bf-4ffd-9ea4-51bfdd11d0ad] Finished "/cable/"[non-WebSocket] for 127.0.0.1 at 2018-11-27 15:54:13 +0200
I, [2018-11-27T15:55:13.912329 #7612]  INFO -- : [ee2abb3c-585d-452e-9a50-00da14f0ddd0] Started GET "/cable" for 127.0.0.1 at 2018-11-27 15:55:13 +0200
I, [2018-11-27T15:55:13.914897 #7612]  INFO -- : [ee2abb3c-585d-452e-9a50-00da14f0ddd0] Started GET "/cable/"[non-WebSocket] for 127.0.0.1 at 2018-11-27 15:55:13 +0200
E, [2018-11-27T15:55:13.915928 #7612] ERROR -- : [ee2abb3c-585d-452e-9a50-00da14f0ddd0] Failed to upgrade to WebSocket (REQUEST_METHOD: GET, HTTP_CONNECTION: close, HTTP_UPGRADE: )
I, [2018-11-27T15:55:13.916274 #7612]  INFO -- : [ee2abb3c-585d-452e-9a50-00da14f0ddd0] Finished "/cable/"[non-WebSocket] for 127.0.0.1 at 2018-11-27 15:55:13 +0200
I, [2018-11-27T15:56:13.921068 #7612]  INFO -- : [e481a998-ddf3-4261-aa5b-1506e2bfde95] Started GET "/cable" for 127.0.0.1 at 2018-11-27 15:56:13 +0200
I, [2018-11-27T15:56:13.923560 #7612]  INFO -- : [e481a998-ddf3-4261-aa5b-1506e2bfde95] Started GET "/cable/"[non-WebSocket] for 127.0.0.1 at 2018-11-27 15:56:13 +0200
E, [2018-11-27T15:56:13.924295 #7612] ERROR -- : [e481a998-ddf3-4261-aa5b-1506e2bfde95] Failed to upgrade to WebSocket (REQUEST_METHOD: GET, HTTP_CONNECTION: close, HTTP_UPGRADE: )
I, [2018-11-27T15:56:13.924597 #7612]  INFO -- : [e481a998-ddf3-4261-aa5b-1506e2bfde95] Finished "/cable/"[non-WebSocket] for 127.0.0.1 at 2018-11-27 15:56:13 +0200
I, [2018-11-27T15:57:13.930062 #7612]  INFO -- : [7a32c7bd-c6c0-4ae2-be2e-4323a164813e] Started GET "/cable" for 127.0.0.1 at 2018-11-27 15:57:13 +0200
I, [2018-11-27T15:57:13.932581 #7612]  INFO -- : [7a32c7bd-c6c0-4ae2-be2e-4323a164813e] Started GET "/cable/"[non-WebSocket] for 127.0.0.1 at 2018-11-27 15:57:13 +0200
E, [2018-11-27T15:57:13.933268 #7612] ERROR -- : [7a32c7bd-c6c0-4ae2-be2e-4323a164813e] Failed to upgrade to WebSocket (REQUEST_METHOD: GET, HTTP_CONNECTION: close, HTTP_UPGRADE: )
I, [2018-11-27T15:57:13.933698 #7612]  INFO -- : [7a32c7bd-c6c0-4ae2-be2e-4323a164813e] Finished "/cable/"[non-WebSocket] for 127.0.0.1 at 2018-11-27 15:57:13 +0200
I, [2018-11-27T15:58:13.937156 #7614]  INFO -- : [6c0306ae-47c8-489e-8190-2d259071ae05] Started GET "/cable" for 127.0.0.1 at 2018-11-27 15:58:13 +0200
I, [2018-11-27T15:58:13.938043 #7614]  INFO -- : [6c0306ae-47c8-489e-8190-2d259071ae05] Started GET "/cable/"[non-WebSocket] for 127.0.0.1 at 2018-11-27 15:58:13 +0200
E, [2018-11-27T15:58:13.938103 #7614] ERROR -- : [6c0306ae-47c8-489e-8190-2d259071ae05] Failed to upgrade to WebSocket (REQUEST_METHOD: GET, HTTP_CONNECTION: close, HTTP_UPGRADE: )
I, [2018-11-27T15:58:13.938157 #7614]  INFO -- : [6c0306ae-47c8-489e-8190-2d259071ae05] Finished "/cable/"[non-WebSocket] for 127.0.0.1 at 2018-11-27 15:58:13 +0200
I, [2018-11-27T15:58:48.558398 #7612]  INFO -- : [f596f5d9-d841-4c4a-b162-a8d8c5679111] Started POST "/" for 127.0.0.1 at 2018-11-27 15:58:48 +0200
I, [2018-11-27T15:58:48.559416 #7612]  INFO -- : [f596f5d9-d841-4c4a-b162-a8d8c5679111] Processing by StoreController#index as HTML
I, [2018-11-27T15:58:48.559475 #7612]  INFO -- : [f596f5d9-d841-4c4a-b162-a8d8c5679111]   Parameters: {"utf8"=>"✓", "authenticity_token"=>"Ui/E65wfEqUdw+GEae1qfe0kvuAS6n378pO9OoSSwF3gbtL9djM7zXVID66y9N4fEHbMKdecotMNxfJ8AbG2Fw==", "set_locale"=>"es"}
D, [2018-11-27T15:58:48.560532 #7612] DEBUG -- : [f596f5d9-d841-4c4a-b162-a8d8c5679111]   [1m[36mCart Load (0.2ms)[0m  [1m[34mSELECT  `carts`.* FROM `carts` WHERE `carts`.`id` = 5 LIMIT 1[0m
I, [2018-11-27T15:58:48.561020 #7612]  INFO -- : [f596f5d9-d841-4c4a-b162-a8d8c5679111] Redirected to http://localhost/es
I, [2018-11-27T15:58:48.561176 #7612]  INFO -- : [f596f5d9-d841-4c4a-b162-a8d8c5679111] Completed 302 Found in 2ms (ActiveRecord: 0.2ms)
I, [2018-11-27T15:58:48.594779 #7614]  INFO -- : [35742c6d-2d47-4b7e-9a16-f4bf0b1f03f3] Started GET "/es" for 127.0.0.1 at 2018-11-27 15:58:48 +0200
I, [2018-11-27T15:58:48.595630 #7614]  INFO -- : [35742c6d-2d47-4b7e-9a16-f4bf0b1f03f3] Processing by StoreController#index as HTML
I, [2018-11-27T15:58:48.595674 #7614]  INFO -- : [35742c6d-2d47-4b7e-9a16-f4bf0b1f03f3]   Parameters: {"locale"=>"es"}
D, [2018-11-27T15:58:48.596612 #7614] DEBUG -- : [35742c6d-2d47-4b7e-9a16-f4bf0b1f03f3]   [1m[36mCart Load (0.2ms)[0m  [1m[34mSELECT  `carts`.* FROM `carts` WHERE `carts`.`id` = 5 LIMIT 1[0m
I, [2018-11-27T15:58:48.597267 #7614]  INFO -- : [35742c6d-2d47-4b7e-9a16-f4bf0b1f03f3]   Rendering store/index.html.erb within layouts/application
D, [2018-11-27T15:58:48.598012 #7614] DEBUG -- : [35742c6d-2d47-4b7e-9a16-f4bf0b1f03f3]   [1m[36mProduct Load (0.3ms)[0m  [1m[34mSELECT `products`.* FROM `products` ORDER BY `products`.`title` ASC[0m
I, [2018-11-27T15:58:48.605604 #7614]  INFO -- : [35742c6d-2d47-4b7e-9a16-f4bf0b1f03f3]   Rendered store/index.html.erb within layouts/application (8.2ms)
D, [2018-11-27T15:58:48.611132 #7614] DEBUG -- : [35742c6d-2d47-4b7e-9a16-f4bf0b1f03f3]   [1m[36mLineItem Exists (4.0ms)[0m  [1m[34mSELECT  1 AS one FROM `line_items` WHERE `line_items`.`cart_id` = 5 LIMIT 1[0m
I, [2018-11-27T15:58:48.613580 #7614]  INFO -- : [35742c6d-2d47-4b7e-9a16-f4bf0b1f03f3] Completed 200 OK in 17ms (Views: 11.0ms | ActiveRecord: 4.5ms)
I, [2018-11-27T15:58:50.405167 #7612]  INFO -- : [3f19a740-7c95-4f79-99f7-dc939c2e38a3] Started POST "/" for 127.0.0.1 at 2018-11-27 15:58:50 +0200
I, [2018-11-27T15:58:50.406065 #7612]  INFO -- : [3f19a740-7c95-4f79-99f7-dc939c2e38a3] Processing by StoreController#index as HTML
I, [2018-11-27T15:58:50.406128 #7612]  INFO -- : [3f19a740-7c95-4f79-99f7-dc939c2e38a3]   Parameters: {"utf8"=>"✓", "authenticity_token"=>"TS+D8/oQ1NjT94xI9qj1IBCeoNUKsT5V7A83D/hAKYb/bpXlEDz9sLt8YmItsUFC7czSHM/H4X0TWXhJfWNfzA==", "set_locale"=>"en"}
D, [2018-11-27T15:58:50.407824 #7612] DEBUG -- : [3f19a740-7c95-4f79-99f7-dc939c2e38a3]   [1m[36mCart Load (0.2ms)[0m  [1m[34mSELECT  `carts`.* FROM `carts` WHERE `carts`.`id` = 5 LIMIT 1[0m
I, [2018-11-27T15:58:50.408365 #7612]  INFO -- : [3f19a740-7c95-4f79-99f7-dc939c2e38a3] Redirected to http://localhost/en
I, [2018-11-27T15:58:50.408525 #7612]  INFO -- : [3f19a740-7c95-4f79-99f7-dc939c2e38a3] Completed 302 Found in 2ms (ActiveRecord: 0.2ms)
I, [2018-11-27T15:58:50.431560 #7614]  INFO -- : [ba1fccc5-e5ba-451b-9a46-2dbbb8a61e7f] Started GET "/en" for 127.0.0.1 at 2018-11-27 15:58:50 +0200
I, [2018-11-27T15:58:50.432463 #7614]  INFO -- : [ba1fccc5-e5ba-451b-9a46-2dbbb8a61e7f] Processing by StoreController#index as HTML
I, [2018-11-27T15:58:50.432560 #7614]  INFO -- : [ba1fccc5-e5ba-451b-9a46-2dbbb8a61e7f]   Parameters: {"locale"=>"en"}
D, [2018-11-27T15:58:50.433667 #7614] DEBUG -- : [ba1fccc5-e5ba-451b-9a46-2dbbb8a61e7f]   [1m[36mCart Load (0.3ms)[0m  [1m[34mSELECT  `carts`.* FROM `carts` WHERE `carts`.`id` = 5 LIMIT 1[0m
I, [2018-11-27T15:58:50.434345 #7614]  INFO -- : [ba1fccc5-e5ba-451b-9a46-2dbbb8a61e7f]   Rendering store/index.html.erb within layouts/application
D, [2018-11-27T15:58:50.436958 #7614] DEBUG -- : [ba1fccc5-e5ba-451b-9a46-2dbbb8a61e7f]   [1m[36mProduct Load (2.1ms)[0m  [1m[34mSELECT `products`.* FROM `products` ORDER BY `products`.`title` ASC[0m
I, [2018-11-27T15:58:50.448192 #7614]  INFO -- : [ba1fccc5-e5ba-451b-9a46-2dbbb8a61e7f]   Rendered store/index.html.erb within layouts/application (13.7ms)
D, [2018-11-27T15:58:50.455054 #7614] DEBUG -- : [ba1fccc5-e5ba-451b-9a46-2dbbb8a61e7f]   [1m[36mLineItem Exists (3.0ms)[0m  [1m[34mSELECT  1 AS one FROM `line_items` WHERE `line_items`.`cart_id` = 5 LIMIT 1[0m
I, [2018-11-27T15:58:50.455736 #7614]  INFO -- : [ba1fccc5-e5ba-451b-9a46-2dbbb8a61e7f] Completed 200 OK in 23ms (Views: 16.3ms | ActiveRecord: 5.4ms)
I, [2018-11-27T15:59:07.470035 #7612]  INFO -- : [69c912a8-443e-40ba-b6ab-42edc2c7a15f] Started GET "/products" for 127.0.0.1 at 2018-11-27 15:59:07 +0200
I, [2018-11-27T15:59:07.471669 #7612]  INFO -- : [69c912a8-443e-40ba-b6ab-42edc2c7a15f] Processing by ProductsController#index as HTML
D, [2018-11-27T15:59:07.475679 #7612] DEBUG -- : [69c912a8-443e-40ba-b6ab-42edc2c7a15f]   [1m[36mUser Load (2.1ms)[0m  [1m[34mSELECT  `users`.* FROM `users` WHERE `users`.`id` IS NULL LIMIT 1[0m
I, [2018-11-27T15:59:07.477109 #7612]  INFO -- : [69c912a8-443e-40ba-b6ab-42edc2c7a15f] Redirected to http://localhost/login
I, [2018-11-27T15:59:07.479027 #7612]  INFO -- : [69c912a8-443e-40ba-b6ab-42edc2c7a15f] Filter chain halted as :authorize rendered or redirected
I, [2018-11-27T15:59:07.479253 #7612]  INFO -- : [69c912a8-443e-40ba-b6ab-42edc2c7a15f] Completed 302 Found in 7ms (ActiveRecord: 2.5ms)
I, [2018-11-27T15:59:07.497255 #7614]  INFO -- : [b7ba7eea-1f50-4a35-9e34-9aa336169aa2] Started GET "/login" for 127.0.0.1 at 2018-11-27 15:59:07 +0200
I, [2018-11-27T15:59:07.498955 #7614]  INFO -- : [b7ba7eea-1f50-4a35-9e34-9aa336169aa2] Processing by SessionsController#new as HTML
I, [2018-11-27T15:59:07.501213 #7614]  INFO -- : [b7ba7eea-1f50-4a35-9e34-9aa336169aa2]   Rendering sessions/new.html.erb within layouts/application
I, [2018-11-27T15:59:07.511902 #7614]  INFO -- : [b7ba7eea-1f50-4a35-9e34-9aa336169aa2]   Rendered sessions/new.html.erb within layouts/application (3.4ms)
I, [2018-11-27T15:59:07.513134 #7614]  INFO -- : [b7ba7eea-1f50-4a35-9e34-9aa336169aa2] Completed 200 OK in 14ms (Views: 12.6ms | ActiveRecord: 0.0ms)
I, [2018-11-27T15:59:14.170132 #7612]  INFO -- : [839e961a-383a-43c9-a244-d7b1a2c19e92] Started GET "/cable" for 127.0.0.1 at 2018-11-27 15:59:14 +0200
I, [2018-11-27T15:59:14.172338 #7612]  INFO -- : [839e961a-383a-43c9-a244-d7b1a2c19e92] Started GET "/cable/"[non-WebSocket] for 127.0.0.1 at 2018-11-27 15:59:14 +0200
E, [2018-11-27T15:59:14.173058 #7612] ERROR -- : [839e961a-383a-43c9-a244-d7b1a2c19e92] Failed to upgrade to WebSocket (REQUEST_METHOD: GET, HTTP_CONNECTION: close, HTTP_UPGRADE: )
I, [2018-11-27T15:59:14.173502 #7612]  INFO -- : [839e961a-383a-43c9-a244-d7b1a2c19e92] Finished "/cable/"[non-WebSocket] for 127.0.0.1 at 2018-11-27 15:59:14 +0200
I, [2018-11-27T16:00:14.178157 #7614]  INFO -- : [b78d100e-3c16-4f5a-a140-0cc81505b420] Started GET "/cable" for 127.0.0.1 at 2018-11-27 16:00:14 +0200
I, [2018-11-27T16:00:14.180635 #7614]  INFO -- : [b78d100e-3c16-4f5a-a140-0cc81505b420] Started GET "/cable/"[non-WebSocket] for 127.0.0.1 at 2018-11-27 16:00:14 +0200
E, [2018-11-27T16:00:14.181721 #7614] ERROR -- : [b78d100e-3c16-4f5a-a140-0cc81505b420] Failed to upgrade to WebSocket (REQUEST_METHOD: GET, HTTP_CONNECTION: close, HTTP_UPGRADE: )
I, [2018-11-27T16:00:14.181996 #7614]  INFO -- : [b78d100e-3c16-4f5a-a140-0cc81505b420] Finished "/cable/"[non-WebSocket] for 127.0.0.1 at 2018-11-27 16:00:14 +0200
I, [2018-11-27T16:01:14.186929 #7612]  INFO -- : [33ce087b-18b9-44f4-9590-da31137192a3] Started GET "/cable" for 127.0.0.1 at 2018-11-27 16:01:14 +0200
I, [2018-11-27T16:01:14.189817 #7612]  INFO -- : [33ce087b-18b9-44f4-9590-da31137192a3] Started GET "/cable/"[non-WebSocket] for 127.0.0.1 at 2018-11-27 16:01:14 +0200
E, [2018-11-27T16:01:14.190164 #7612] ERROR -- : [33ce087b-18b9-44f4-9590-da31137192a3] Failed to upgrade to WebSocket (REQUEST_METHOD: GET, HTTP_CONNECTION: close, HTTP_UPGRADE: )
I, [2018-11-27T16:01:14.190425 #7612]  INFO -- : [33ce087b-18b9-44f4-9590-da31137192a3] Finished "/cable/"[non-WebSocket] for 127.0.0.1 at 2018-11-27 16:01:14 +0200
I, [2018-11-27T16:02:14.193672 #7614]  INFO -- : [6aade15e-6636-47d3-a844-5dd207018750] Started GET "/cable" for 127.0.0.1 at 2018-11-27 16:02:14 +0200
I, [2018-11-27T16:02:14.194400 #7614]  INFO -- : [6aade15e-6636-47d3-a844-5dd207018750] Started GET "/cable/"[non-WebSocket] for 127.0.0.1 at 2018-11-27 16:02:14 +0200
E, [2018-11-27T16:02:14.194440 #7614] ERROR -- : [6aade15e-6636-47d3-a844-5dd207018750] Failed to upgrade to WebSocket (REQUEST_METHOD: GET, HTTP_CONNECTION: close, HTTP_UPGRADE: )
I, [2018-11-27T16:02:14.194473 #7614]  INFO -- : [6aade15e-6636-47d3-a844-5dd207018750] Finished "/cable/"[non-WebSocket] for 127.0.0.1 at 2018-11-27 16:02:14 +0200
I, [2018-11-27T16:03:14.196461 #7612]  INFO -- : [fe8ce1d5-36de-4f3c-87df-f662684f40de] Started GET "/cable" for 127.0.0.1 at 2018-11-27 16:03:14 +0200
I, [2018-11-27T16:03:14.197490 #7612]  INFO -- : [fe8ce1d5-36de-4f3c-87df-f662684f40de] Started GET "/cable/"[non-WebSocket] for 127.0.0.1 at 2018-11-27 16:03:14 +0200
E, [2018-11-27T16:03:14.197570 #7612] ERROR -- : [fe8ce1d5-36de-4f3c-87df-f662684f40de] Failed to upgrade to WebSocket (REQUEST_METHOD: GET, HTTP_CONNECTION: close, HTTP_UPGRADE: )
I, [2018-11-27T16:03:14.197640 #7612]  INFO -- : [fe8ce1d5-36de-4f3c-87df-f662684f40de] Finished "/cable/"[non-WebSocket] for 127.0.0.1 at 2018-11-27 16:03:14 +0200
I, [2018-11-27T16:04:14.201221 #7614]  INFO -- : [147f533e-f98a-468a-b53d-9b0fbeaa952d] Started GET "/cable" for 127.0.0.1 at 2018-11-27 16:04:14 +0200
I, [2018-11-27T16:04:14.202894 #7614]  INFO -- : [147f533e-f98a-468a-b53d-9b0fbeaa952d] Started GET "/cable/"[non-WebSocket] for 127.0.0.1 at 2018-11-27 16:04:14 +0200
E, [2018-11-27T16:04:14.202979 #7614] ERROR -- : [147f533e-f98a-468a-b53d-9b0fbeaa952d] Failed to upgrade to WebSocket (REQUEST_METHOD: GET, HTTP_CONNECTION: close, HTTP_UPGRADE: )
I, [2018-11-27T16:04:14.203046 #7614]  INFO -- : [147f533e-f98a-468a-b53d-9b0fbeaa952d] Finished "/cable/"[non-WebSocket] for 127.0.0.1 at 2018-11-27 16:04:14 +0200
I, [2018-11-27T16:05:14.208913 #7612]  INFO -- : [0ae2b31e-7561-4257-978d-b73c616e7564] Started GET "/cable" for 127.0.0.1 at 2018-11-27 16:05:14 +0200
I, [2018-11-27T16:05:14.211922 #7612]  INFO -- : [0ae2b31e-7561-4257-978d-b73c616e7564] Started GET "/cable/"[non-WebSocket] for 127.0.0.1 at 2018-11-27 16:05:14 +0200
E, [2018-11-27T16:05:14.212836 #7612] ERROR -- : [0ae2b31e-7561-4257-978d-b73c616e7564] Failed to upgrade to WebSocket (REQUEST_METHOD: GET, HTTP_CONNECTION: close, HTTP_UPGRADE: )
I, [2018-11-27T16:05:14.213343 #7612]  INFO -- : [0ae2b31e-7561-4257-978d-b73c616e7564] Finished "/cable/"[non-WebSocket] for 127.0.0.1 at 2018-11-27 16:05:14 +0200
I, [2018-11-27T16:06:14.220660 #7614]  INFO -- : [deb6dd8a-b04e-43ff-9364-062897d0f840] Started GET "/cable" for 127.0.0.1 at 2018-11-27 16:06:14 +0200
I, [2018-11-27T16:06:14.221664 #7614]  INFO -- : [deb6dd8a-b04e-43ff-9364-062897d0f840] Started GET "/cable/"[non-WebSocket] for 127.0.0.1 at 2018-11-27 16:06:14 +0200
E, [2018-11-27T16:06:14.221775 #7614] ERROR -- : [deb6dd8a-b04e-43ff-9364-062897d0f840] Failed to upgrade to WebSocket (REQUEST_METHOD: GET, HTTP_CONNECTION: close, HTTP_UPGRADE: )
I, [2018-11-27T16:06:14.221831 #7614]  INFO -- : [deb6dd8a-b04e-43ff-9364-062897d0f840] Finished "/cable/"[non-WebSocket] for 127.0.0.1 at 2018-11-27 16:06:14 +0200
I, [2018-11-27T16:07:14.223983 #7612]  INFO -- : [eaee8cc9-a8b9-4d2c-968e-5735b2d64e92] Started GET "/cable" for 127.0.0.1 at 2018-11-27 16:07:14 +0200
I, [2018-11-27T16:07:14.224715 #7612]  INFO -- : [eaee8cc9-a8b9-4d2c-968e-5735b2d64e92] Started GET "/cable/"[non-WebSocket] for 127.0.0.1 at 2018-11-27 16:07:14 +0200
E, [2018-11-27T16:07:14.224766 #7612] ERROR -- : [eaee8cc9-a8b9-4d2c-968e-5735b2d64e92] Failed to upgrade to WebSocket (REQUEST_METHOD: GET, HTTP_CONNECTION: close, HTTP_UPGRADE: )
I, [2018-11-27T16:07:14.224811 #7612]  INFO -- : [eaee8cc9-a8b9-4d2c-968e-5735b2d64e92] Finished "/cable/"[non-WebSocket] for 127.0.0.1 at 2018-11-27 16:07:14 +0200
I, [2018-11-27T16:08:14.226786 #7614]  INFO -- : [277ab78b-10c2-45a6-93a1-70474f0cc7da] Started GET "/cable" for 127.0.0.1 at 2018-11-27 16:08:14 +0200
I, [2018-11-27T16:08:14.227522 #7614]  INFO -- : [277ab78b-10c2-45a6-93a1-70474f0cc7da] Started GET "/cable/"[non-WebSocket] for 127.0.0.1 at 2018-11-27 16:08:14 +0200
E, [2018-11-27T16:08:14.227564 #7614] ERROR -- : [277ab78b-10c2-45a6-93a1-70474f0cc7da] Failed to upgrade to WebSocket (REQUEST_METHOD: GET, HTTP_CONNECTION: close, HTTP_UPGRADE: )
I, [2018-11-27T16:08:14.227598 #7614]  INFO -- : [277ab78b-10c2-45a6-93a1-70474f0cc7da] Finished "/cable/"[non-WebSocket] for 127.0.0.1 at 2018-11-27 16:08:14 +0200
I, [2018-11-27T16:09:14.232023 #7612]  INFO -- : [b5ac66bf-11c8-4f53-b5fa-067480fa6468] Started GET "/cable" for 127.0.0.1 at 2018-11-27 16:09:14 +0200
I, [2018-11-27T16:09:14.234539 #7612]  INFO -- : [b5ac66bf-11c8-4f53-b5fa-067480fa6468] Started GET "/cable/"[non-WebSocket] for 127.0.0.1 at 2018-11-27 16:09:14 +0200
E, [2018-11-27T16:09:14.235194 #7612] ERROR -- : [b5ac66bf-11c8-4f53-b5fa-067480fa6468] Failed to upgrade to WebSocket (REQUEST_METHOD: GET, HTTP_CONNECTION: close, HTTP_UPGRADE: )
I, [2018-11-27T16:09:14.235481 #7612]  INFO -- : [b5ac66bf-11c8-4f53-b5fa-067480fa6468] Finished "/cable/"[non-WebSocket] for 127.0.0.1 at 2018-11-27 16:09:14 +0200
I, [2018-11-27T16:10:14.240530 #7614]  INFO -- : [8d7bd3aa-8340-4f9c-b501-e27698d8a529] Started GET "/cable" for 127.0.0.1 at 2018-11-27 16:10:14 +0200
I, [2018-11-27T16:10:14.242917 #7614]  INFO -- : [8d7bd3aa-8340-4f9c-b501-e27698d8a529] Started GET "/cable/"[non-WebSocket] for 127.0.0.1 at 2018-11-27 16:10:14 +0200
E, [2018-11-27T16:10:14.243484 #7614] ERROR -- : [8d7bd3aa-8340-4f9c-b501-e27698d8a529] Failed to upgrade to WebSocket (REQUEST_METHOD: GET, HTTP_CONNECTION: close, HTTP_UPGRADE: )
I, [2018-11-27T16:10:14.243836 #7614]  INFO -- : [8d7bd3aa-8340-4f9c-b501-e27698d8a529] Finished "/cable/"[non-WebSocket] for 127.0.0.1 at 2018-11-27 16:10:14 +0200
I, [2018-11-27T16:11:14.248277 #7612]  INFO -- : [ab14555f-73d8-4b11-ae34-4e3793ae8814] Started GET "/cable" for 127.0.0.1 at 2018-11-27 16:11:14 +0200
I, [2018-11-27T16:11:14.250732 #7612]  INFO -- : [ab14555f-73d8-4b11-ae34-4e3793ae8814] Started GET "/cable/"[non-WebSocket] for 127.0.0.1 at 2018-11-27 16:11:14 +0200
E, [2018-11-27T16:11:14.251296 #7612] ERROR -- : [ab14555f-73d8-4b11-ae34-4e3793ae8814] Failed to upgrade to WebSocket (REQUEST_METHOD: GET, HTTP_CONNECTION: close, HTTP_UPGRADE: )
I, [2018-11-27T16:11:14.251646 #7612]  INFO -- : [ab14555f-73d8-4b11-ae34-4e3793ae8814] Finished "/cable/"[non-WebSocket] for 127.0.0.1 at 2018-11-27 16:11:14 +0200
I, [2018-11-27T16:12:31.614379 #7614]  INFO -- : [ec017756-8777-4bb9-a34d-a48bd1d62636] Started GET "/cable" for 127.0.0.1 at 2018-11-27 16:12:31 +0200
I, [2018-11-27T16:12:31.616673 #7614]  INFO -- : [ec017756-8777-4bb9-a34d-a48bd1d62636] Started GET "/cable/"[non-WebSocket] for 127.0.0.1 at 2018-11-27 16:12:31 +0200
E, [2018-11-27T16:12:31.617380 #7614] ERROR -- : [ec017756-8777-4bb9-a34d-a48bd1d62636] Failed to upgrade to WebSocket (REQUEST_METHOD: GET, HTTP_CONNECTION: close, HTTP_UPGRADE: )
I, [2018-11-27T16:12:31.617639 #7614]  INFO -- : [ec017756-8777-4bb9-a34d-a48bd1d62636] Finished "/cable/"[non-WebSocket] for 127.0.0.1 at 2018-11-27 16:12:31 +0200
I, [2018-11-27T16:13:31.623954 #7612]  INFO -- : [8903b1bc-67c8-4cdc-9d8d-be41d223a5b3] Started GET "/cable" for 127.0.0.1 at 2018-11-27 16:13:31 +0200
I, [2018-11-27T16:13:31.625334 #7612]  INFO -- : [8903b1bc-67c8-4cdc-9d8d-be41d223a5b3] Started GET "/cable/"[non-WebSocket] for 127.0.0.1 at 2018-11-27 16:13:31 +0200
E, [2018-11-27T16:13:31.625791 #7612] ERROR -- : [8903b1bc-67c8-4cdc-9d8d-be41d223a5b3] Failed to upgrade to WebSocket (REQUEST_METHOD: GET, HTTP_CONNECTION: close, HTTP_UPGRADE: )
I, [2018-11-27T16:13:31.626002 #7612]  INFO -- : [8903b1bc-67c8-4cdc-9d8d-be41d223a5b3] Finished "/cable/"[non-WebSocket] for 127.0.0.1 at 2018-11-27 16:13:31 +0200
I, [2018-11-27T16:14:31.630228 #7614]  INFO -- : [109afb5b-1396-425b-8a47-72cd927de035] Started GET "/cable" for 127.0.0.1 at 2018-11-27 16:14:31 +0200
I, [2018-11-27T16:14:31.632494 #7614]  INFO -- : [109afb5b-1396-425b-8a47-72cd927de035] Started GET "/cable/"[non-WebSocket] for 127.0.0.1 at 2018-11-27 16:14:31 +0200
E, [2018-11-27T16:14:31.633064 #7614] ERROR -- : [109afb5b-1396-425b-8a47-72cd927de035] Failed to upgrade to WebSocket (REQUEST_METHOD: GET, HTTP_CONNECTION: close, HTTP_UPGRADE: )
I, [2018-11-27T16:14:31.633313 #7614]  INFO -- : [109afb5b-1396-425b-8a47-72cd927de035] Finished "/cable/"[non-WebSocket] for 127.0.0.1 at 2018-11-27 16:14:31 +0200
I, [2018-11-27T16:15:31.636660 #7612]  INFO -- : [26e50dae-5045-4651-942d-4f71e3a8f003] Started GET "/cable" for 127.0.0.1 at 2018-11-27 16:15:31 +0200
I, [2018-11-27T16:15:31.637299 #7612]  INFO -- : [26e50dae-5045-4651-942d-4f71e3a8f003] Started GET "/cable/"[non-WebSocket] for 127.0.0.1 at 2018-11-27 16:15:31 +0200
E, [2018-11-27T16:15:31.637340 #7612] ERROR -- : [26e50dae-5045-4651-942d-4f71e3a8f003] Failed to upgrade to WebSocket (REQUEST_METHOD: GET, HTTP_CONNECTION: close, HTTP_UPGRADE: )
I, [2018-11-27T16:15:31.637374 #7612]  INFO -- : [26e50dae-5045-4651-942d-4f71e3a8f003] Finished "/cable/"[non-WebSocket] for 127.0.0.1 at 2018-11-27 16:15:31 +0200
I, [2018-11-27T16:16:31.641056 #7614]  INFO -- : [ef4c2a86-a8fc-4f93-9ec0-d42b44d35352] Started GET "/cable" for 127.0.0.1 at 2018-11-27 16:16:31 +0200
I, [2018-11-27T16:16:31.643792 #7614]  INFO -- : [ef4c2a86-a8fc-4f93-9ec0-d42b44d35352] Started GET "/cable/"[non-WebSocket] for 127.0.0.1 at 2018-11-27 16:16:31 +0200
E, [2018-11-27T16:16:31.644497 #7614] ERROR -- : [ef4c2a86-a8fc-4f93-9ec0-d42b44d35352] Failed to upgrade to WebSocket (REQUEST_METHOD: GET, HTTP_CONNECTION: close, HTTP_UPGRADE: )
I, [2018-11-27T16:16:31.644757 #7614]  INFO -- : [ef4c2a86-a8fc-4f93-9ec0-d42b44d35352] Finished "/cable/"[non-WebSocket] for 127.0.0.1 at 2018-11-27 16:16:31 +0200
I, [2018-11-27T16:16:39.426267 #7612]  INFO -- : [a6f93427-975a-4dd3-a09e-225dba6354f7] Started GET "/" for 127.0.0.1 at 2018-11-27 16:16:39 +0200
I, [2018-11-27T16:16:39.427239 #7612]  INFO -- : [a6f93427-975a-4dd3-a09e-225dba6354f7] Processing by StoreController#index as HTML
D, [2018-11-27T16:16:39.428147 #7612] DEBUG -- : [a6f93427-975a-4dd3-a09e-225dba6354f7]   [1m[36mCart Load (0.3ms)[0m  [1m[34mSELECT  `carts`.* FROM `carts` WHERE `carts`.`id` = 5 LIMIT 1[0m
I, [2018-11-27T16:16:39.428803 #7612]  INFO -- : [a6f93427-975a-4dd3-a09e-225dba6354f7]   Rendering store/index.html.erb within layouts/application
D, [2018-11-27T16:16:39.430680 #7612] DEBUG -- : [a6f93427-975a-4dd3-a09e-225dba6354f7]   [1m[36mProduct Load (1.4ms)[0m  [1m[34mSELECT `products`.* FROM `products` ORDER BY `products`.`title` ASC[0m
I, [2018-11-27T16:16:39.439702 #7612]  INFO -- : [a6f93427-975a-4dd3-a09e-225dba6354f7]   Rendered store/index.html.erb within layouts/application (10.8ms)
D, [2018-11-27T16:16:39.442797 #7612] DEBUG -- : [a6f93427-975a-4dd3-a09e-225dba6354f7]   [1m[36mLineItem Exists (1.3ms)[0m  [1m[34mSELECT  1 AS one FROM `line_items` WHERE `line_items`.`cart_id` = 5 LIMIT 1[0m
I, [2018-11-27T16:16:39.443360 #7612]  INFO -- : [a6f93427-975a-4dd3-a09e-225dba6354f7] Completed 200 OK in 16ms (Views: 12.0ms | ActiveRecord: 3.0ms)
I, [2018-11-27T16:17:31.647913 #7612]  INFO -- : [f7c72652-498f-4b31-849d-597169aa10a0] Started GET "/cable" for 127.0.0.1 at 2018-11-27 16:17:31 +0200
I, [2018-11-27T16:17:31.648613 #7612]  INFO -- : [f7c72652-498f-4b31-849d-597169aa10a0] Started GET "/cable/"[non-WebSocket] for 127.0.0.1 at 2018-11-27 16:17:31 +0200
E, [2018-11-27T16:17:31.648653 #7612] ERROR -- : [f7c72652-498f-4b31-849d-597169aa10a0] Failed to upgrade to WebSocket (REQUEST_METHOD: GET, HTTP_CONNECTION: close, HTTP_UPGRADE: )
I, [2018-11-27T16:17:31.648698 #7612]  INFO -- : [f7c72652-498f-4b31-849d-597169aa10a0] Finished "/cable/"[non-WebSocket] for 127.0.0.1 at 2018-11-27 16:17:31 +0200
I, [2018-11-27T16:18:31.650415 #7614]  INFO -- : [f3769fe3-9667-48c8-b15a-880e2b714038] Started GET "/cable" for 127.0.0.1 at 2018-11-27 16:18:31 +0200
I, [2018-11-27T16:18:31.651319 #7614]  INFO -- : [f3769fe3-9667-48c8-b15a-880e2b714038] Started GET "/cable/"[non-WebSocket] for 127.0.0.1 at 2018-11-27 16:18:31 +0200
E, [2018-11-27T16:18:31.651361 #7614] ERROR -- : [f3769fe3-9667-48c8-b15a-880e2b714038] Failed to upgrade to WebSocket (REQUEST_METHOD: GET, HTTP_CONNECTION: close, HTTP_UPGRADE: )
I, [2018-11-27T16:18:31.651539 #7614]  INFO -- : [f3769fe3-9667-48c8-b15a-880e2b714038] Finished "/cable/"[non-WebSocket] for 127.0.0.1 at 2018-11-27 16:18:31 +0200
I, [2018-11-27T16:19:31.656231 #7612]  INFO -- : [bf338e19-bca5-4cfb-aaf4-b61bf902c434] Started GET "/cable" for 127.0.0.1 at 2018-11-27 16:19:31 +0200
I, [2018-11-27T16:19:31.658689 #7612]  INFO -- : [bf338e19-bca5-4cfb-aaf4-b61bf902c434] Started GET "/cable/"[non-WebSocket] for 127.0.0.1 at 2018-11-27 16:19:31 +0200
E, [2018-11-27T16:19:31.659247 #7612] ERROR -- : [bf338e19-bca5-4cfb-aaf4-b61bf902c434] Failed to upgrade to WebSocket (REQUEST_METHOD: GET, HTTP_CONNECTION: close, HTTP_UPGRADE: )
I, [2018-11-27T16:19:31.659971 #7612]  INFO -- : [bf338e19-bca5-4cfb-aaf4-b61bf902c434] Finished "/cable/"[non-WebSocket] for 127.0.0.1 at 2018-11-27 16:19:31 +0200
I, [2018-11-27T16:20:31.665236 #7614]  INFO -- : [543256f9-a1b1-484c-bd78-2149286a418f] Started GET "/cable" for 127.0.0.1 at 2018-11-27 16:20:31 +0200
I, [2018-11-27T16:20:31.667652 #7614]  INFO -- : [543256f9-a1b1-484c-bd78-2149286a418f] Started GET "/cable/"[non-WebSocket] for 127.0.0.1 at 2018-11-27 16:20:31 +0200
E, [2018-11-27T16:20:31.668697 #7614] ERROR -- : [543256f9-a1b1-484c-bd78-2149286a418f] Failed to upgrade to WebSocket (REQUEST_METHOD: GET, HTTP_CONNECTION: close, HTTP_UPGRADE: )
I, [2018-11-27T16:20:31.668964 #7614]  INFO -- : [543256f9-a1b1-484c-bd78-2149286a418f] Finished "/cable/"[non-WebSocket] for 127.0.0.1 at 2018-11-27 16:20:31 +0200
I, [2018-11-27T16:21:31.673725 #7612]  INFO -- : [f237344d-ccde-45f9-8af8-684308256970] Started GET "/cable" for 127.0.0.1 at 2018-11-27 16:21:31 +0200
I, [2018-11-27T16:21:31.676792 #7612]  INFO -- : [f237344d-ccde-45f9-8af8-684308256970] Started GET "/cable/"[non-WebSocket] for 127.0.0.1 at 2018-11-27 16:21:31 +0200
E, [2018-11-27T16:21:31.678595 #7612] ERROR -- : [f237344d-ccde-45f9-8af8-684308256970] Failed to upgrade to WebSocket (REQUEST_METHOD: GET, HTTP_CONNECTION: close, HTTP_UPGRADE: )
I, [2018-11-27T16:21:31.678930 #7612]  INFO -- : [f237344d-ccde-45f9-8af8-684308256970] Finished "/cable/"[non-WebSocket] for 127.0.0.1 at 2018-11-27 16:21:31 +0200
I, [2018-11-27T16:22:31.686612 #7614]  INFO -- : [a8320d3a-0927-439d-b6e3-925458a01ab8] Started GET "/cable" for 127.0.0.1 at 2018-11-27 16:22:31 +0200
I, [2018-11-27T16:22:31.688945 #7614]  INFO -- : [a8320d3a-0927-439d-b6e3-925458a01ab8] Started GET "/cable/"[non-WebSocket] for 127.0.0.1 at 2018-11-27 16:22:31 +0200
E, [2018-11-27T16:22:31.689622 #7614] ERROR -- : [a8320d3a-0927-439d-b6e3-925458a01ab8] Failed to upgrade to WebSocket (REQUEST_METHOD: GET, HTTP_CONNECTION: close, HTTP_UPGRADE: )
I, [2018-11-27T16:22:31.689958 #7614]  INFO -- : [a8320d3a-0927-439d-b6e3-925458a01ab8] Finished "/cable/"[non-WebSocket] for 127.0.0.1 at 2018-11-27 16:22:31 +0200
I, [2018-11-27T16:23:31.695121 #7612]  INFO -- : [bce22371-39c0-4beb-847e-92de63146cd9] Started GET "/cable" for 127.0.0.1 at 2018-11-27 16:23:31 +0200
I, [2018-11-27T16:23:31.697470 #7612]  INFO -- : [bce22371-39c0-4beb-847e-92de63146cd9] Started GET "/cable/"[non-WebSocket] for 127.0.0.1 at 2018-11-27 16:23:31 +0200
E, [2018-11-27T16:23:31.698584 #7612] ERROR -- : [bce22371-39c0-4beb-847e-92de63146cd9] Failed to upgrade to WebSocket (REQUEST_METHOD: GET, HTTP_CONNECTION: close, HTTP_UPGRADE: )
I, [2018-11-27T16:23:31.699032 #7612]  INFO -- : [bce22371-39c0-4beb-847e-92de63146cd9] Finished "/cable/"[non-WebSocket] for 127.0.0.1 at 2018-11-27 16:23:31 +0200
I, [2018-11-27T16:24:31.704215 #7614]  INFO -- : [a8f5dfe2-1632-47e3-a484-6d8fdb2c2c72] Started GET "/cable" for 127.0.0.1 at 2018-11-27 16:24:31 +0200
I, [2018-11-27T16:24:31.706768 #7614]  INFO -- : [a8f5dfe2-1632-47e3-a484-6d8fdb2c2c72] Started GET "/cable/"[non-WebSocket] for 127.0.0.1 at 2018-11-27 16:24:31 +0200
E, [2018-11-27T16:24:31.707581 #7614] ERROR -- : [a8f5dfe2-1632-47e3-a484-6d8fdb2c2c72] Failed to upgrade to WebSocket (REQUEST_METHOD: GET, HTTP_CONNECTION: close, HTTP_UPGRADE: )
I, [2018-11-27T16:24:31.707853 #7614]  INFO -- : [a8f5dfe2-1632-47e3-a484-6d8fdb2c2c72] Finished "/cable/"[non-WebSocket] for 127.0.0.1 at 2018-11-27 16:24:31 +0200
I, [2018-11-27T16:24:57.335897 #7612]  INFO -- : [828e2af3-5427-4c94-bb27-3870fbb3a0eb] Started GET "/" for 127.0.0.1 at 2018-11-27 16:24:57 +0200
I, [2018-11-27T16:24:57.336894 #7612]  INFO -- : [828e2af3-5427-4c94-bb27-3870fbb3a0eb] Processing by StoreController#index as HTML
D, [2018-11-27T16:24:57.338562 #7612] DEBUG -- : [828e2af3-5427-4c94-bb27-3870fbb3a0eb]   [1m[36mCart Load (0.3ms)[0m  [1m[34mSELECT  `carts`.* FROM `carts` WHERE `carts`.`id` = 5 LIMIT 1[0m
I, [2018-11-27T16:24:57.342912 #7612]  INFO -- : [828e2af3-5427-4c94-bb27-3870fbb3a0eb]   Rendering store/index.html.erb within layouts/application
D, [2018-11-27T16:24:57.343920 #7612] DEBUG -- : [828e2af3-5427-4c94-bb27-3870fbb3a0eb]   [1m[36mProduct Load (0.4ms)[0m  [1m[34mSELECT `products`.* FROM `products` ORDER BY `products`.`title` ASC[0m
I, [2018-11-27T16:24:57.355515 #7612]  INFO -- : [828e2af3-5427-4c94-bb27-3870fbb3a0eb]   Rendered store/index.html.erb within layouts/application (12.4ms)
D, [2018-11-27T16:24:57.357609 #7612] DEBUG -- : [828e2af3-5427-4c94-bb27-3870fbb3a0eb]   [1m[36mLineItem Exists (0.3ms)[0m  [1m[34mSELECT  1 AS one FROM `line_items` WHERE `line_items`.`cart_id` = 5 LIMIT 1[0m
I, [2018-11-27T16:24:57.358153 #7612]  INFO -- : [828e2af3-5427-4c94-bb27-3870fbb3a0eb] Completed 200 OK in 21ms (Views: 18.2ms | ActiveRecord: 1.0ms)
I, [2018-11-27T16:25:02.359694 #7614]  INFO -- : [c4a8c60b-37c3-408e-9e91-4c81751a96cd] Started GET "/products" for 127.0.0.1 at 2018-11-27 16:25:02 +0200
I, [2018-11-27T16:25:02.361194 #7614]  INFO -- : [c4a8c60b-37c3-408e-9e91-4c81751a96cd] Processing by ProductsController#index as HTML
D, [2018-11-27T16:25:02.365457 #7614] DEBUG -- : [c4a8c60b-37c3-408e-9e91-4c81751a96cd]   [1m[36mUser Load (2.2ms)[0m  [1m[34mSELECT  `users`.* FROM `users` WHERE `users`.`id` IS NULL LIMIT 1[0m
I, [2018-11-27T16:25:02.366999 #7614]  INFO -- : [c4a8c60b-37c3-408e-9e91-4c81751a96cd] Redirected to http://localhost/login
I, [2018-11-27T16:25:02.368061 #7614]  INFO -- : [c4a8c60b-37c3-408e-9e91-4c81751a96cd] Filter chain halted as :authorize rendered or redirected
I, [2018-11-27T16:25:02.369049 #7614]  INFO -- : [c4a8c60b-37c3-408e-9e91-4c81751a96cd] Completed 302 Found in 8ms (ActiveRecord: 2.7ms)
I, [2018-11-27T16:25:02.384757 #7612]  INFO -- : [17b837b5-1a87-4b4a-af2f-9d57ba48e288] Started GET "/login" for 127.0.0.1 at 2018-11-27 16:25:02 +0200
I, [2018-11-27T16:25:02.386222 #7612]  INFO -- : [17b837b5-1a87-4b4a-af2f-9d57ba48e288] Processing by SessionsController#new as HTML
I, [2018-11-27T16:25:02.387954 #7612]  INFO -- : [17b837b5-1a87-4b4a-af2f-9d57ba48e288]   Rendering sessions/new.html.erb within layouts/application
I, [2018-11-27T16:25:02.395197 #7612]  INFO -- : [17b837b5-1a87-4b4a-af2f-9d57ba48e288]   Rendered sessions/new.html.erb within layouts/application (5.4ms)
I, [2018-11-27T16:25:02.396688 #7612]  INFO -- : [17b837b5-1a87-4b4a-af2f-9d57ba48e288] Completed 200 OK in 10ms (Views: 9.3ms | ActiveRecord: 0.0ms)
I, [2018-11-27T16:25:07.999699 #7614]  INFO -- : [3115f055-1abb-4d4b-9779-68d7326c4978] Started POST "/login" for 127.0.0.1 at 2018-11-27 16:25:07 +0200
I, [2018-11-27T16:25:08.001821 #7614]  INFO -- : [3115f055-1abb-4d4b-9779-68d7326c4978] Processing by SessionsController#create as HTML
I, [2018-11-27T16:25:08.002948 #7614]  INFO -- : [3115f055-1abb-4d4b-9779-68d7326c4978]   Parameters: {"utf8"=>"✓", "authenticity_token"=>"5USiyO2rxyZ+kyNKWEU587Msu/xu9/PyqkGkAoNqfz5XBbTeB4fuThYYzWCDXI2RTn7JNauBLNpVF+tEBkkJdA==", "name"=>"user", "password"=>"[FILTERED]", "commit"=>"Login"}
D, [2018-11-27T16:25:08.007315 #7614] DEBUG -- : [3115f055-1abb-4d4b-9779-68d7326c4978]   [1m[35m (1.1ms)[0m  [1m[34mSELECT COUNT(*) FROM `users`[0m
I, [2018-11-27T16:25:08.011176 #7614]  INFO -- : [3115f055-1abb-4d4b-9779-68d7326c4978] Redirected to http://localhost/users/new
I, [2018-11-27T16:25:08.011410 #7614]  INFO -- : [3115f055-1abb-4d4b-9779-68d7326c4978] Completed 302 Found in 8ms (ActiveRecord: 1.1ms)
I, [2018-11-27T16:25:08.057890 #7612]  INFO -- : [4700e09f-71cf-4663-9288-2d2d4831322a] Started GET "/users/new" for 127.0.0.1 at 2018-11-27 16:25:08 +0200
I, [2018-11-27T16:25:08.059363 #7612]  INFO -- : [4700e09f-71cf-4663-9288-2d2d4831322a] Processing by UsersController#new as HTML
D, [2018-11-27T16:25:08.060547 #7612] DEBUG -- : [4700e09f-71cf-4663-9288-2d2d4831322a]   [1m[36mUser Load (0.2ms)[0m  [1m[34mSELECT  `users`.* FROM `users` WHERE `users`.`id` IS NULL LIMIT 1[0m
I, [2018-11-27T16:25:08.060907 #7612]  INFO -- : [4700e09f-71cf-4663-9288-2d2d4831322a] Redirected to http://localhost/login
I, [2018-11-27T16:25:08.061239 #7612]  INFO -- : [4700e09f-71cf-4663-9288-2d2d4831322a] Filter chain halted as :authorize rendered or redirected
I, [2018-11-27T16:25:08.061687 #7612]  INFO -- : [4700e09f-71cf-4663-9288-2d2d4831322a] Completed 302 Found in 2ms (ActiveRecord: 0.2ms)
I, [2018-11-27T16:25:08.094892 #7614]  INFO -- : [41cdf6e2-4a10-4d55-99c5-855e0a556134] Started GET "/login" for 127.0.0.1 at 2018-11-27 16:25:08 +0200
I, [2018-11-27T16:25:08.095739 #7614]  INFO -- : [41cdf6e2-4a10-4d55-99c5-855e0a556134] Processing by SessionsController#new as HTML
I, [2018-11-27T16:25:08.096382 #7614]  INFO -- : [41cdf6e2-4a10-4d55-99c5-855e0a556134]   Rendering sessions/new.html.erb within layouts/application
I, [2018-11-27T16:25:08.096910 #7614]  INFO -- : [41cdf6e2-4a10-4d55-99c5-855e0a556134]   Rendered sessions/new.html.erb within layouts/application (0.5ms)
I, [2018-11-27T16:25:08.097877 #7614]  INFO -- : [41cdf6e2-4a10-4d55-99c5-855e0a556134] Completed 200 OK in 2ms (Views: 1.6ms | ActiveRecord: 0.0ms)
I, [2018-11-27T16:25:14.981689 #7612]  INFO -- : [eb9298fb-3b8d-48db-9643-ec12192c68f7] Started POST "/login" for 127.0.0.1 at 2018-11-27 16:25:14 +0200
I, [2018-11-27T16:25:14.983175 #7612]  INFO -- : [eb9298fb-3b8d-48db-9643-ec12192c68f7] Processing by SessionsController#create as HTML
I, [2018-11-27T16:25:14.983280 #7612]  INFO -- : [eb9298fb-3b8d-48db-9643-ec12192c68f7]   Parameters: {"utf8"=>"✓", "authenticity_token"=>"lrvozg+ovyKoeuMIU/xbjqeLVDGsV1i1HythRRC6Pgwk+v7Y5YSWSsDxDSKI5e/sWtkm+Gkhh53gfS4DlZlIRg==", "name"=>"user", "password"=>"[FILTERED]", "commit"=>"Login"}
D, [2018-11-27T16:25:14.984674 #7612] DEBUG -- : [eb9298fb-3b8d-48db-9643-ec12192c68f7]   [1m[35m (0.3ms)[0m  [1m[34mSELECT COUNT(*) FROM `users`[0m
I, [2018-11-27T16:25:14.985915 #7612]  INFO -- : [eb9298fb-3b8d-48db-9643-ec12192c68f7] Redirected to http://localhost/users/new
I, [2018-11-27T16:25:14.986723 #7612]  INFO -- : [eb9298fb-3b8d-48db-9643-ec12192c68f7] Completed 302 Found in 3ms (ActiveRecord: 0.3ms)
I, [2018-11-27T16:25:15.031980 #7614]  INFO -- : [a9041c82-8535-4921-a45e-951a6f51041d] Started GET "/users/new" for 127.0.0.1 at 2018-11-27 16:25:15 +0200
I, [2018-11-27T16:25:15.033557 #7614]  INFO -- : [a9041c82-8535-4921-a45e-951a6f51041d] Processing by UsersController#new as HTML
D, [2018-11-27T16:25:15.034853 #7614] DEBUG -- : [a9041c82-8535-4921-a45e-951a6f51041d]   [1m[36mUser Load (0.3ms)[0m  [1m[34mSELECT  `users`.* FROM `users` WHERE `users`.`id` IS NULL LIMIT 1[0m
I, [2018-11-27T16:25:15.036018 #7614]  INFO -- : [a9041c82-8535-4921-a45e-951a6f51041d] Redirected to http://localhost/login
I, [2018-11-27T16:25:15.036225 #7614]  INFO -- : [a9041c82-8535-4921-a45e-951a6f51041d] Filter chain halted as :authorize rendered or redirected
I, [2018-11-27T16:25:15.036742 #7614]  INFO -- : [a9041c82-8535-4921-a45e-951a6f51041d] Completed 302 Found in 3ms (ActiveRecord: 0.3ms)
I, [2018-11-27T16:25:15.052926 #7612]  INFO -- : [24828dd1-f30b-4abb-ac0e-f8febf251609] Started GET "/login" for 127.0.0.1 at 2018-11-27 16:25:15 +0200
I, [2018-11-27T16:25:15.053821 #7612]  INFO -- : [24828dd1-f30b-4abb-ac0e-f8febf251609] Processing by SessionsController#new as HTML
I, [2018-11-27T16:25:15.054686 #7612]  INFO -- : [24828dd1-f30b-4abb-ac0e-f8febf251609]   Rendering sessions/new.html.erb within layouts/application
I, [2018-11-27T16:25:15.055427 #7612]  INFO -- : [24828dd1-f30b-4abb-ac0e-f8febf251609]   Rendered sessions/new.html.erb within layouts/application (0.7ms)
I, [2018-11-27T16:25:15.056921 #7612]  INFO -- : [24828dd1-f30b-4abb-ac0e-f8febf251609] Completed 200 OK in 3ms (Views: 2.5ms | ActiveRecord: 0.0ms)
I, [2018-11-27T16:25:31.712369 #7614]  INFO -- : [52b05cc6-b0df-4aac-baf3-fd95364838b6] Started GET "/cable" for 127.0.0.1 at 2018-11-27 16:25:31 +0200
I, [2018-11-27T16:25:31.713003 #7614]  INFO -- : [52b05cc6-b0df-4aac-baf3-fd95364838b6] Started GET "/cable/"[non-WebSocket] for 127.0.0.1 at 2018-11-27 16:25:31 +0200
E, [2018-11-27T16:25:31.713044 #7614] ERROR -- : [52b05cc6-b0df-4aac-baf3-fd95364838b6] Failed to upgrade to WebSocket (REQUEST_METHOD: GET, HTTP_CONNECTION: close, HTTP_UPGRADE: )
I, [2018-11-27T16:25:31.713095 #7614]  INFO -- : [52b05cc6-b0df-4aac-baf3-fd95364838b6] Finished "/cable/"[non-WebSocket] for 127.0.0.1 at 2018-11-27 16:25:31 +0200
I, [2018-11-27T16:26:31.716004 #7614]  INFO -- : [e1e180bf-3b30-4f7a-bdce-0da1b60a16b3] Started GET "/cable" for 127.0.0.1 at 2018-11-27 16:26:31 +0200
I, [2018-11-27T16:26:31.717292 #7614]  INFO -- : [e1e180bf-3b30-4f7a-bdce-0da1b60a16b3] Started GET "/cable/"[non-WebSocket] for 127.0.0.1 at 2018-11-27 16:26:31 +0200
E, [2018-11-27T16:26:31.717389 #7614] ERROR -- : [e1e180bf-3b30-4f7a-bdce-0da1b60a16b3] Failed to upgrade to WebSocket (REQUEST_METHOD: GET, HTTP_CONNECTION: close, HTTP_UPGRADE: )
I, [2018-11-27T16:26:31.717508 #7614]  INFO -- : [e1e180bf-3b30-4f7a-bdce-0da1b60a16b3] Finished "/cable/"[non-WebSocket] for 127.0.0.1 at 2018-11-27 16:26:31 +0200
I, [2018-11-27T16:27:31.721057 #7614]  INFO -- : [7fb80fd9-e595-466d-8d68-b53f23c07a15] Started GET "/cable" for 127.0.0.1 at 2018-11-27 16:27:31 +0200
